Restore Archived Project report for Lab1Demo
Thu Dec 23 05:40:22 2021
Quartus Prime Version 17.0.0 Build 595 04/25/2017 SJ Lite Edition


---------------------
; Table of Contents ;
---------------------
  1. Legal Notice
  2. Restore Archived Project Summary
  3. Restore Archived Project Messages
  4. Files Restored
  5. Files Not Restored



----------------
; Legal Notice ;
----------------
Copyright (C) 2017  Intel Corporation. All rights reserved.
Your use of Intel Corporation's design tools, logic functions 
and other software and tools, and its AMPP partner logic 
functions, and any output files from any of the foregoing 
(including device programming or simulation files), and any 
associated documentation or information are expressly subject 
to the terms and conditions of the Intel Program License 
Subscription Agreement, the Intel Quartus Prime License Agreement,
the Intel MegaCore Function License Agreement, or other 
applicable license agreement, including, without limitation, 
that your use is for the sole purpose of programming logic 
devices manufactured by Intel and sold by Intel or its 
authorized distributors.  Please refer to the applicable 
agreement for further details.



+-------------------------------------------------------------------------+
; Restore Archived Project Summary                                        ;
+---------------------------------+---------------------------------------+
; Restore Archived Project Status ; Successful - Thu Dec 23 05:40:22 2021 ;
; Revision Name                   ; Lab1Demo                              ;
; Top-level Entity Name           ; TOP_VGA_MONKEY_KONG                   ;
; Family                          ; Cyclone V                             ;
+---------------------------------+---------------------------------------+


+-----------------------------------+
; Restore Archived Project Messages ;
+-----------------------------------+
Info: Successfully restored 'C:/Users/bayan/AppData/Local/Packages/microsoft.windowscommunicationsapps_8wekyb3d8bbwe/LocalState/Files/S0/6/Attachments/FINAL[2692].qar' into the 'C:\\technion\\semester_5\\ElectricalEngineeringLab\\final_project/' directory
Info: Generated report 'Lab1Demo.restore.rpt'
Info (23030): Evaluation of Tcl script c:/intelfpga_lite/17.0.0/quartus/common/tcl/apps/qpm/qar.tcl was successful
Info: Quartus Prime Shell was successful. 0 errors, 0 warnings
    Info: Peak virtual memory: 4817 megabytes
    Info: Processing ended: Thu Dec 23 05:40:22 2021
    Info: Elapsed time: 00:00:01
    Info: Total CPU time (on all processors): 00:00:01


+--------------------------------------------------------------------------+
; Files Restored                                                           ;
+--------------------------------------------------------------------------+
; File Name                                                                ;
+--------------------------------------------------------------------------+
; qar_info.json                                                            ;
; Project/home_20_12/DE10_Standard_Audio.sdc                               ;
; Project/home_20_12/Lab1Demo.qpf                                          ;
; Project/home_20_12/Lab1Demo.qsf                                          ;
; Project/home_20_12/Number_position.bsf                                   ;
; Project/home_20_12/Number_position.qip                                   ;
; Project/home_20_12/Number_position.v                                     ;
; Project/home_20_12/Number_position_bb.v                                  ;
; Project/home_20_12/RTL/AUDIO/AUDIO.bdf                                   ;
; Project/home_20_12/RTL/AUDIO/SinTable.sv                                 ;
; Project/home_20_12/RTL/AUDIO/TOP_AUDIO.bdf                               ;
; Project/home_20_12/RTL/AUDIO/ToneDecoder.sv                              ;
; Project/home_20_12/RTL/AUDIO/addr_counter.sv                             ;
; Project/home_20_12/RTL/AUDIO/prescaler.sv                                ;
; Project/home_20_12/RTL/KEYBOARD/KBDINTF.bdf                              ;
; Project/home_20_12/RTL/KEYBOARD/KEYBOARD_INTERFACE.bdf                   ;
; Project/home_20_12/RTL/KEYBOARD/bitrec.sv                                ;
; Project/home_20_12/RTL/KEYBOARD/byterec.sv                               ;
; Project/home_20_12/RTL/KEYBOARD/keyPad_decoder.sv                        ;
; Project/home_20_12/RTL/KEYBOARD/keyToggle_decoder.sv                     ;
; Project/home_20_12/RTL/KEYBOARD/lpf.sv                                   ;
; Project/home_20_12/RTL/KEYBOARD/random.sv                                ;
; Project/home_20_12/RTL/KEYBOARD/simple_up_counter.sv                     ;
; Project/home_20_12/RTL/Seg7/SEG7.SV                                      ;
; Project/home_20_12/RTL/VGA/FruitsMatrixBitMap.sv                         ;
; Project/home_20_12/RTL/VGA/GROUND_DISPLAY.bdf                            ;
; Project/home_20_12/RTL/VGA/GroundBitMap.sv                               ;
; Project/home_20_12/RTL/VGA/HART_DISPLAY.bdf                              ;
; Project/home_20_12/RTL/VGA/HartsMatrixBitMap.sv                          ;
; Project/home_20_12/RTL/VGA/HeartBlock.bdf                                ;
; Project/home_20_12/RTL/VGA/Heart_BitMap.sv                               ;
; Project/home_20_12/RTL/VGA/HeartsBlock.bdf                               ;
; Project/home_20_12/RTL/VGA/Hit.sv                                        ;
; Project/home_20_12/RTL/VGA/HorizinalRopeBitMap.sv                        ;
; Project/home_20_12/RTL/VGA/Lab1Demo.bdf                                  ;
; Project/home_20_12/RTL/VGA/MOVING_ROPE.bdf                               ;
; Project/home_20_12/RTL/VGA/MovingGroundBitMap.sv                         ;
; Project/home_20_12/RTL/VGA/Moving_Ground.bdf                             ;
; Project/home_20_12/RTL/VGA/NumbersBitMap.sv                              ;
; Project/home_20_12/RTL/VGA/ROPE_DISPLAY.bdf                              ;
; Project/home_20_12/RTL/VGA/RopeBitMap.sv                                 ;
; Project/home_20_12/RTL/VGA/Smiley_Block.bdf                              ;
; Project/home_20_12/RTL/VGA/TOP_VGA_DEMO_KBD.bdf                          ;
; Project/home_20_12/RTL/VGA/TOP_VGA_MONKEY_KONG.bdf                       ;
; Project/home_20_12/RTL/VGA/VGA_Controller.sv                             ;
; Project/home_20_12/RTL/VGA/back_ground_draw.sv                           ;
; Project/home_20_12/RTL/VGA/back_ground_drawSquare.sv                     ;
; Project/home_20_12/RTL/VGA/constNumber.sv                                ;
; Project/home_20_12/RTL/VGA/fourDRwithOffsetsAndColl_mux.sv               ;
; Project/home_20_12/RTL/VGA/fourDRwithOffsets_mux.sv                      ;
; Project/home_20_12/RTL/VGA/fourDrawingReq_mux.sv                         ;
; Project/home_20_12/RTL/VGA/fourFruitType_mux.sv                          ;
; Project/home_20_12/RTL/VGA/freeFruitBlock.bdf                            ;
; Project/home_20_12/RTL/VGA/freeFruitBlockexample.bdf                     ;
; Project/home_20_12/RTL/VGA/freeFruitDraw.bdf                             ;
; Project/home_20_12/RTL/VGA/fruitBlock.bdf                                ;
; Project/home_20_12/RTL/VGA/fruitOnRope.bdf                               ;
; Project/home_20_12/RTL/VGA/fruit_move.sv                                 ;
; Project/home_20_12/RTL/VGA/gameOverBlock.bdf                             ;
; Project/home_20_12/RTL/VGA/gameOver_BitMap.sv                            ;
; Project/home_20_12/RTL/VGA/game_controller.sv                            ;
; Project/home_20_12/RTL/VGA/getFruitsType.sv                              ;
; Project/home_20_12/RTL/VGA/getFruitsType_6.sv                            ;
; Project/home_20_12/RTL/VGA/getVector4.sv                                 ;
; Project/home_20_12/RTL/VGA/ground_move.sv                                ;
; Project/home_20_12/RTL/VGA/ground_mux.sv                                 ;
; Project/home_20_12/RTL/VGA/hexss.sv                                      ;
; Project/home_20_12/RTL/VGA/keyBlock.bdf                                  ;
; Project/home_20_12/RTL/VGA/key_BitMap.sv                                 ;
; Project/home_20_12/RTL/VGA/levelUpBlock.bdf                              ;
; Project/home_20_12/RTL/VGA/levelUp_BitMap.sv                             ;
; Project/home_20_12/RTL/VGA/livesScoresCounter_Block.sv                   ;
; Project/home_20_12/RTL/VGA/monkeyBlock.bdf                               ;
; Project/home_20_12/RTL/VGA/monkey_BitMap.sv                              ;
; Project/home_20_12/RTL/VGA/monkey_moveCollision.sv                       ;
; Project/home_20_12/RTL/VGA/monster_BitMap.sv                             ;
; Project/home_20_12/RTL/VGA/monster_move.sv                               ;
; Project/home_20_12/RTL/VGA/monstersBlock.bdf                             ;
; Project/home_20_12/RTL/VGA/movingFruitBlock.bdf                          ;
; Project/home_20_12/RTL/VGA/movingGround_mux.sv                           ;
; Project/home_20_12/RTL/VGA/movingRopeBlock.bdf                           ;
; Project/home_20_12/RTL/VGA/movingRope_mux.sv                             ;
; Project/home_20_12/RTL/VGA/objects_mux.sv                                ;
; Project/home_20_12/RTL/VGA/param_square_object.sv                        ;
; Project/home_20_12/RTL/VGA/ropeAndFruit_mux.sv                           ;
; Project/home_20_12/RTL/VGA/ropeFruitBlock.bdf                            ;
; Project/home_20_12/RTL/VGA/rope_move.sv                                  ;
; Project/home_20_12/RTL/VGA/ropesBlock.bdf                                ;
; Project/home_20_12/RTL/VGA/ropes_mux.sv                                  ;
; Project/home_20_12/RTL/VGA/sixDrawingReq_mux.sv                          ;
; Project/home_20_12/RTL/VGA/smileyBitMap.sv                               ;
; Project/home_20_12/RTL/VGA/smileyBitMapX2.sv                             ;
; Project/home_20_12/RTL/VGA/smileyface_moveCollision.sv                   ;
; Project/home_20_12/RTL/VGA/square_Hart_object.sv                         ;
; Project/home_20_12/RTL/VGA/square_object.sv                              ;
; Project/home_20_12/RTL/VGA/square_object_with_width.sv                   ;
; Project/home_20_12/RTL/VGA/startGameBlock.bdf                            ;
; Project/home_20_12/RTL/VGA/startGame_BitMap.sv                           ;
; Project/home_20_12/RTL/VGA/threeDrawingReq_mux.sv                        ;
; Project/home_20_12/RTL/VGA/timerBlock.bdf                                ;
; Project/home_20_12/RTL/VGA/timerEndStatus.sv                             ;
; Project/home_20_12/RTL/VGA/twoConstNumber.sv                             ;
; Project/home_20_12/RTL/VGA/twoDRwithOffsets_mux.sv                       ;
; Project/home_20_12/RTL/VGA/valX.bsf                                      ;
; Project/home_20_12/RTL/VGA/valX.qip                                      ;
; Project/home_20_12/RTL/VGA/valX.v                                        ;
; Project/home_20_12/RTL/VGA/valX_bb.v                                     ;
; Project/home_20_12/RTL/VGA/valX_inst.v                                   ;
; Project/home_20_12/RTL/VGA/winGame_BitMap.sv                             ;
; Project/home_20_12/RTL/VGA/winerGameBlock.bdf                            ;
; Project/home_20_12/RTL/audio_codec_controller/audio_codec_controller.qxp ;
; Project/home_20_12/RTL/numberPosition.bsf                                ;
; Project/home_20_12/RTL/numberPosition.qip                                ;
; Project/home_20_12/RTL/numberPosition.v                                  ;
; Project/home_20_12/RTL/numberPosition_bb.v                               ;
; Project/home_20_12/Waveform.vwf                                          ;
; Project/home_20_12/Waveform1.vwf                                         ;
; Project/home_20_12/X_loca.bsf                                            ;
; Project/home_20_12/X_loca.qip                                            ;
; Project/home_20_12/X_loca.v                                              ;
; Project/home_20_12/X_loca_bb.v                                           ;
; Project/home_20_12/X_location.bsf                                        ;
; Project/home_20_12/X_location.qip                                        ;
; Project/home_20_12/X_location.v                                          ;
; Project/home_20_12/X_location_bb.v                                       ;
; Project/home_20_12/Y_location.bsf                                        ;
; Project/home_20_12/Y_location.qip                                        ;
; Project/home_20_12/Y_location.v                                          ;
; Project/home_20_12/Y_location_bb.v                                       ;
; Project/home_20_12/assignment_defaults.qdf                               ;
; Project/home_20_12/audio_codec_controller.qxp                            ;
; Project/home_20_12/clock_divider.cmp                                     ;
; Project/home_20_12/clock_divider.qip                                     ;
; Project/home_20_12/clock_divider.sip                                     ;
; Project/home_20_12/clock_divider.spd                                     ;
; Project/home_20_12/clock_divider.v                                       ;
; Project/home_20_12/clock_divider/clock_divider_0002.qip                  ;
; Project/home_20_12/clock_divider/clock_divider_0002.v                    ;
; Project/home_20_12/clock_divider_sim/clock_divider.vo                    ;
; Project/home_20_12/constraints/DE10_Standard_Audio.sdc                   ;
; Project/home_20_12/constraints/pin.tcl                                   ;
; Project/home_20_12/db/stp7_auto_stripped.stp                             ;
; Project/home_20_12/matrix_top_XY.bsf                                     ;
; Project/home_20_12/matrix_top_XY.qip                                     ;
; Project/home_20_12/matrix_top_XY.v                                       ;
; Project/home_20_12/matrix_top_XY_bb.v                                    ;
; Project/home_20_12/output_files/Chain1.cdf                               ;
; Project/home_20_12/stp1.stp                                              ;
; Project/home_20_12/stp2.stp                                              ;
; Project/home_20_12/stp3.stp                                              ;
; Project/home_20_12/stp4.stp                                              ;
; Project/home_20_12/stp5.stp                                              ;
; Project/home_20_12/stp6.stp                                              ;
; Project/home_20_12/stp7.stp                                              ;
; SV2Lab/version_09_11/RTL/bcddn.sv                                        ;
; SV2Lab/version_09_11/RTL/bomb.sv                                         ;
; SV2Lab/version_09_11/RTL/down_counter.sv                                 ;
; SV2Lab/version_09_11/RTL/one_sec_counter.sv                              ;
+--------------------------------------------------------------------------+


+--------------------+
; Files Not Restored ;
+--------------------+
; File Name          ;
+--------------------+


